***********************************************
Report          : create_qor_snapshot (clock)
Design          : pulpissimo
Version         : O-2018.06-SP1
Date            : Mon Sep 29 05:53:13 2025
Time unit       : 1.00ns
Resistance unit : 1.00MOhm
Capacitance unit: 1.00fF
Voltage unit    : 1.00V
Current unit    : 1.00uA
Power unit      : 1.00uW
Location        : /home/ICer/Desktop/pulpissimo/NDM/./
***********************************************
No. of scenario = 2
s1 = func_fast
s2 = func_slow
------------------------------------------------------------------------
WNS of each timing group:                       s1        s2 
------------------------------------------------------------------------
per_per_clk                                 0.1119    0.0255 
ref_clk                                     6.5114    6.5100 
inverted_tck                                2.0177    1.7907 
tck                                         0.2765    0.1965 
REGOUT                                      1.4153    1.3846 
soc_clk                                     0.6395    0.0140 
sys_clk_core                                2.2038    1.5870 
INREG                                       4.0725    4.0241 
pref_clk                                    2.6435    2.6429 
------------------------------------------------------------------------
Setup WNS:                                  0.1119    0.0140      0.0140 
Setup TNS:                                  0.0000    0.0000      0.0000
Number of setup violations:                      0         0           0 
Hold WNS:                                  -0.0780   -0.1064     -0.1064 
Hold TNS:                                  -0.2452   -0.3354     -0.3354 
Number of hold violations:                       6         6           6 
Number of max trans violations:                 15        18          18 
Number of max cap violations:                 1192      1768        1768 
Number of min pulse width violations:            0         0           0 
------------------------------------------------------------------------
Area:                                                        4342246.095
Cell count:                                                       197293
Buf/inv cell count:                                                32753
Std cell utilization:                                             0.2061
CPU(s):                                                             3183
Mem(Mb):                                                            3678
Host name:                                                        IC_EDA
------------------------------------------------------------------------
Histogram:             s1   s2 
------------------------------------------------------------------------
Max violations:         0    0 
   above ~ -0.7  ---    0    0 
    -0.6 ~ -0.7  ---    0    0 
    -0.5 ~ -0.6  ---    0    0 
    -0.4 ~ -0.5  ---    0    0 
    -0.3 ~ -0.4  ---    0    0 
    -0.2 ~ -0.3  ---    0    0 
    -0.1 ~ -0.2  ---    0    0 
       0 ~ -0.1  ---    0    0 
------------------------------------------------------------------------
Min violations:         6    6 
  -0.06 ~ above  ---    1    0 
  -0.05 ~ -0.06  ---    0    0 
  -0.04 ~ -0.05  ---    0    0 
  -0.03 ~ -0.04  ---    0    0 
  -0.02 ~ -0.03  ---    1    1 
  -0.01 ~ -0.02  ---    0    0 
      0 ~ -0.01  ---    2    2 
------------------------------------------------------------------------
Snapshot report (index) is created and can be viewed using file "/home/ICer/Desktop/pulpissimo/NDM/.//index.html"
